// Jest Snapshot v1, https://goo.gl/fbAQLP

exports[`Checkout item component expects to match a snapshot 1`] = `
<styled.div>
  <styled.div>
    <img
      alt="Test"
      src="https://some.com"
    />
  </styled.div>
  <styled.span>
    Test
  </styled.span>
  <styled.span>
    <styled.div
      onClick={[Function]}
    >
      ❮
    </styled.div>
    <styled.span>
      2
    </styled.span>
    <styled.div
      onClick={[Function]}
    >
      ❯
    </styled.div>
  </styled.span>
  <styled.span>
    50
  </styled.span>
  <styled.div
    onClick={[Function]}
  >
    ✕
  </styled.div>
</styled.div>
`;
